******************************************************************************
                  TI ARM Linker PC v20.2.1                     
******************************************************************************
>> Linked Thu Aug 13 10:43:37 2020

OUTPUT FILE NAME:   <IMU_TestBench.out>
ENTRY POINT SYMBOL: "_c_int00_noargs"  address: 00003cd1


MEMORY CONFIGURATION

         name            origin    length      used     unused   attr    fill
----------------------  --------  ---------  --------  --------  ----  --------
  MAIN                  00000000   00040000  000040f1  0003bf0f  R  X
  INFO                  00200000   00004000  00000000  00004000  R  X
  SRAM_CODE             01000000   00010000  000009cc  0000f634  RW X
  SRAM_DATA             20000000   00010000  000009cc  0000f634  RW  


SEGMENT ALLOCATION MAP

run origin  load origin   length   init length attrs members
----------  ----------- ---------- ----------- ----- -------
00000000    00000000    000040f8   000040f8    r-x
  00000000    00000000    000000e4   000000e4    r-- .intvecs
  000000e4    000000e4    00003e74   00003e74    r-x .text
  00003f58    00003f58    00000101   00000101    r-- .const
  00004060    00004060    00000098   00000098    r-- .cinit
20000000    20000000    000007cc   00000000    rw-
  20000000    20000000    00000400   00000000    rw- .sysmem
  20000400    20000400    000001f0   00000000    rw- .data
  200005f0    200005f0    000001dc   00000000    rw- .bss
2000fe00    2000fe00    00000200   00000000    rw-
  2000fe00    2000fe00    00000200   00000000    rw- .stack


SECTION ALLOCATION MAP

 output                                  attributes/
section   page    origin      length       input sections
--------  ----  ----------  ----------   ----------------
.intvecs   0    00000000    000000e4     
                  00000000    000000e4     startup_msp432p401r_ccs.obj (.intvecs:retain)

.text      0    000000e4    00003e74     
                  000000e4    00000b28     i2c.obj (.text)
                  00000c0c    00000a4e     rtsv7M4_T_le_v4SPD16_eabi.lib : _printfi.c.obj (.text:__TI_printfi)
                  0000165a    00000002                                   : _lock.c.obj (.text:_nop)
                  0000165c    00000384     stIMU.obj (.text)
                  000019e0    00000334     system_msp432p401r.obj (.text)
                  00001d14    00000270     rtsv7M4_T_le_v4SPD16_eabi.lib : _printfi.c.obj (.text:_pconv_a)
                  00001f84    000001f4     main.obj (.text)
                  00002178    000001d0     rtsv7M4_T_le_v4SPD16_eabi.lib : _printfi.c.obj (.text:_pconv_g)
                  00002348    000001b6                                   : fd_add_t2.asm.obj (.text)
                  000024fe    00000002                                   : div0.asm.obj (.text)
                  00002500    0000013c                                   : _printfi.c.obj (.text:_pconv_e)
                  0000263c    00000136                                   : fd_div_t2.asm.obj (.text)
                  00002772    00000002     --HOLE-- [fill = 0]
                  00002774    00000124                                   : _printfi.c.obj (.text:fcvt)
                  00002898    00000114                                   : fputs.c.obj (.text:fputs)
                  000029ac    00000110                                   : s_scalbn.c.obj (.text:scalbn)
                  00002abc    00000108                                   : memory.c.obj (.text:aligned_alloc)
                  00002bc4    000000fc                                   : fd_mul_t2.asm.obj (.text)
                  00002cc0    000000e4                                   : memory.c.obj (.text:free)
                  00002da4    000000dc                                   : setvbuf.c.obj (.text:setvbuf)
                  00002e80    000000b1                                   : _printfi.c.obj (.text:_ltostr)
                  00002f31    00000001     --HOLE-- [fill = 0]
                  00002f32    0000009c                                   : memcpy_t2.asm.obj (.text)
                  00002fce    00000096                                   : ull_div_t2.asm.obj (.text)
                  00003064    0000008c                                   : fputc.c.obj (.text:fputc)
                  000030f0    00000086                                   : fd_cmp_t2.asm.obj (.text:__aeabi_cdcmple)
                  00003176    00000086                                   : fd_cmp_t2.asm.obj (.text:__aeabi_cdrcmple)
                  000031fc    0000007c                                   : fflush.c.obj (.text:fflush)
                  00003278    0000007a                                   : memset_t2.asm.obj (.text)
                  000032f2    00000002     --HOLE-- [fill = 0]
                  000032f4    00000074                                   : fclose.c.obj (.text:__TI_closefile)
                  00003368    00000070                                   : memory.c.obj (.text:split)
                  000033d8    0000006e                                   : _printfi.c.obj (.text:_mcpy)
                  00003446    00000002     --HOLE-- [fill = 0]
                  00003448    0000006c                                   : hostrename.c.obj (.text:HOSTrename)
                  000034b4    00000068                                   : hostlseek.c.obj (.text:HOSTlseek)
                  0000351c    00000068                                   : copy_decompress_lzss.c.obj (.text:decompress:lzss:__TI_decompress_lzss)
                  00003584    00000068                                   : printf.c.obj (.text:printf)
                  000035ec    00000064                                   : s_frexp.c.obj (.text:frexp)
                  00003650    00000064                                   : fseek.c.obj (.text:fseek)
                  000036b4    00000062                                   : _io_perm.c.obj (.text:__TI_wrt_ok)
                  00003716    00000002     --HOLE-- [fill = 0]
                  00003718    00000060                                   : hostopen.c.obj (.text:HOSTopen)
                  00003778    0000005c                                   : close.c.obj (.text:close)
                  000037d4    00000058                                   : hostread.c.obj (.text:HOSTread)
                  0000382c    00000058                                   : hostwrite.c.obj (.text:HOSTwrite)
                  00003884    00000056                                   : _printfi.c.obj (.text:_pconv_f)
                  000038da    00000054                                   : _ltoa.c.obj (.text:__TI_ltoa)
                  0000392e    00000052                                   : _printfi.c.obj (.text:_ecpy)
                  00003980    0000004c                                   : fflush.c.obj (.text:__TI_doflush)
                  000039cc    0000004c                                   : atoi.c.obj (.text:atoi)
                  00003a18    00000048                                   : exit.c.obj (.text:exit)
                  00003a60    00000048                                   : fd_toi_t2.asm.obj (.text)
                  00003aa8    00000044                                   : hostclose.c.obj (.text:HOSTclose)
                  00003aec    00000044                                   : hostunlink.c.obj (.text:HOSTunlink)
                  00003b30    00000044                                   : autoinit.c.obj (.text:__TI_auto_init_nobinit_nopinit:__TI_auto_init_nobinit_nopinit)
                  00003b74    00000044                                   : getdevice.c.obj (.text:getdevice)
                  00003bb8    0000003e                                   : _printfi.c.obj (.text:_fcpy)
                  00003bf6    00000002     --HOLE-- [fill = 0]
                  00003bf8    00000038                                   : trgmsg.c.obj (.text:__TI_writemsg)
                  00003c30    00000036                                   : strncpy.c.obj (.text:strncpy)
                  00003c66    00000002     --HOLE-- [fill = 0]
                  00003c68    00000034                                   : fopen.c.obj (.text:__TI_cleanup)
                  00003c9c    00000034                                   : trgmsg.c.obj (.text:__TI_readmsg)
                  00003cd0    00000034                                   : boot_cortex_m.c.obj (.text:_c_int00_noargs:_c_int00_noargs)
                  00003d04    00000030                                   : getdevice.c.obj (.text:finddevice)
                  00003d34    0000002e                                   : i_tofd_t2.asm.obj (.text)
                  00003d62    00000002     --HOLE-- [fill = 0]
                  00003d64    0000002c                                   : unlink.c.obj (.text:unlink)
                  00003d90    00000028                                   : memory.c.obj (.text:free_list_insert)
                  00003db8    00000028                                   : lseek.c.obj (.text:lseek)
                  00003de0    00000028                                   : write.c.obj (.text:write)
                  00003e08    00000020                                   : memchr.c.obj (.text:memchr)
                  00003e28    0000001c                                   : assert.c.obj (.text:_abort_msg)
                  00003e44    0000001c                                   : copy_zero_init.c.obj (.text:decompress:ZI:__TI_zero_init_nomemset:__TI_zero_init_nomemset)
                  00003e60    0000001c                                   : memory.c.obj (.text:free_list_remove)
                  00003e7c    0000001c                                   : memccpy.c.obj (.text:memccpy)
                  00003e98    0000001a                                   : s_copysign.c.obj (.text:copysign)
                  00003eb2    00000018                                   : strcmp.c.obj (.text:strcmp)
                  00003eca    00000016                                   : strchr.c.obj (.text:strchr)
                  00003ee0    00000014                                   : strcpy.c.obj (.text:strcpy)
                  00003ef4    00000014                                   : strlen.c.obj (.text:strlen)
                  00003f08    00000012                                   : wcslen.c.obj (.text:wcslen)
                  00003f1a    0000000e                                   : copy_decompress_none.c.obj (.text:decompress:none:__TI_decompress_none)
                  00003f28    0000000e     startup_msp432p401r_ccs.obj (.text)
                  00003f36    00000002     --HOLE-- [fill = 0]
                  00003f38    00000008     rtsv7M4_T_le_v4SPD16_eabi.lib : errno.c.obj (.text:__aeabi_errno_addr)
                  00003f40    00000008                                   : memory.c.obj (.text:malloc)
                  00003f48    00000004                                   : printf.c.obj (.text:_outc)
                  00003f4c    00000004                                   : printf.c.obj (.text:_outs)
                  00003f50    00000004                                   : pre_init.c.obj (.text:_system_pre_init)
                  00003f54    00000004                                   : exit.c.obj (.text:abort:abort)

.const     0    00003f58    00000101     
                  00003f58    00000101     rtsv7M4_T_le_v4SPD16_eabi.lib : ctype.c.obj (.const:.string:_ctypes_)

.cinit     0    00004060    00000098     
                  00004060    0000006d     (.cinit..data.load) [load image, compression = lzss]
                  000040cd    00000003     --HOLE-- [fill = 0]
                  000040d0    0000000c     (__TI_handler_table)
                  000040dc    00000004     --HOLE-- [fill = 0]
                  000040e0    00000008     (.cinit..bss.load) [load image, compression = zero_init]
                  000040e8    00000010     (__TI_cinit_table)

.init_array 
*          0    00000000    00000000     UNINITIALIZED

.binit     0    00000000    00000000     

.sysmem    0    20000000    00000400     UNINITIALIZED
                  20000000    00000010     rtsv7M4_T_le_v4SPD16_eabi.lib : memory.c.obj (.sysmem)
                  20000010    000003f0     --HOLE--

.data      0    20000400    000001f0     UNINITIALIZED
                  20000400    000000f0     rtsv7M4_T_le_v4SPD16_eabi.lib : defs.c.obj (.data:_ftable)
                  200004f0    00000078                                   : host_device.c.obj (.data:_device)
                  20000568    00000050                                   : host_device.c.obj (.data:_stream)
                  200005b8    00000010                                   : defs.c.obj (.data)
                  200005c8    0000000c                                   : exit.c.obj (.data:$O1$$)
                  200005d4    00000008                                   : _lock.c.obj (.data:$O1$$)
                  200005dc    00000008                                   : memory.c.obj (.data:$O1$$)
                  200005e4    00000004     main.obj (.data)
                  200005e8    00000004     rtsv7M4_T_le_v4SPD16_eabi.lib : errno.c.obj (.data)
                  200005ec    00000004     system_msp432p401r.obj (.data)

.bss       0    200005f0    000001dc     UNINITIALIZED
                  200005f0    00000120     rtsv7M4_T_le_v4SPD16_eabi.lib : trgmsg.c.obj (.bss:_CIOBUF_)
                  20000710    000000a0     (.common:__TI_tmpnams)
                  200007b0    00000014     i2c.obj (.bss:i2c_payload_struct)
                  200007c4    00000008     (.common:parmbuf)

.stack     0    2000fe00    00000200     UNINITIALIZED
                  2000fe00    00000004     rtsv7M4_T_le_v4SPD16_eabi.lib : boot_cortex_m.c.obj (.stack)
                  2000fe04    000001fc     --HOLE--

__llvm_prf_cnts 
*          0    20000000    00000000     UNINITIALIZED

MODULE SUMMARY

       Module                        code    ro data   rw data
       ------                        ----    -------   -------
    .\
       i2c.obj                       2856    0         40     
       stIMU.obj                     900     0         0      
       system_msp432p401r.obj        820     0         8      
       main.obj                      500     0         8      
       startup_msp432p401r_ccs.obj   14      228       0      
    +--+-----------------------------+-------+---------+---------+
       Total:                        5090    228       56     
                                                              
    C:\ti\ccs1010\ccs\tools\compiler\ti-cgt-arm_20.2.1.LTS\lib\rtsv7M4_T_le_v4SPD16_eabi.lib
       _printfi.c.obj                4851    0         0      
       defs.c.obj                    0       0         832    
       memory.c.obj                  680     0         16     
       trgmsg.c.obj                  108     0         576    
       fd_add_t2.asm.obj             438     0         0      
       host_device.c.obj             0       0         400    
       fd_div_t2.asm.obj             310     0         0      
       fputs.c.obj                   276     0         0      
       s_scalbn.c.obj                272     0         0      
       fd_cmp_t2.asm.obj             268     0         0      
       ctype.c.obj                   0       257       0      
       fd_mul_t2.asm.obj             252     0         0      
       setvbuf.c.obj                 220     0         0      
       fflush.c.obj                  200     0         0      
       memcpy_t2.asm.obj             156     0         0      
       ull_div_t2.asm.obj            150     0         0      
       fputc.c.obj                   140     0         0      
       memset_t2.asm.obj             122     0         0      
       fclose.c.obj                  116     0         0      
       getdevice.c.obj               116     0         0      
       hostopen.c.obj                96      0         16     
       printf.c.obj                  112     0         0      
       hostrename.c.obj              108     0         0      
       copy_decompress_lzss.c.obj    104     0         0      
       hostlseek.c.obj               104     0         0      
       exit.c.obj                    76      0         24     
       fseek.c.obj                   100     0         0      
       s_frexp.c.obj                 100     0         0      
       _io_perm.c.obj                98      0         0      
       close.c.obj                   92      0         0      
       hostread.c.obj                88      0         0      
       hostwrite.c.obj               88      0         0      
       _ltoa.c.obj                   84      0         0      
       atoi.c.obj                    76      0         0      
       fd_toi_t2.asm.obj             72      0         0      
       autoinit.c.obj                68      0         0      
       hostclose.c.obj               68      0         0      
       hostunlink.c.obj              68      0         0      
       strncpy.c.obj                 54      0         0      
       boot_cortex_m.c.obj           52      0         0      
       fopen.c.obj                   52      0         0      
       i_tofd_t2.asm.obj             46      0         0      
       unlink.c.obj                  44      0         0      
       lseek.c.obj                   40      0         0      
       write.c.obj                   40      0         0      
       memchr.c.obj                  32      0         0      
       assert.c.obj                  28      0         0      
       copy_zero_init.c.obj          28      0         0      
       memccpy.c.obj                 28      0         0      
       s_copysign.c.obj              26      0         0      
       strcmp.c.obj                  24      0         0      
       strchr.c.obj                  22      0         0      
       strcpy.c.obj                  20      0         0      
       strlen.c.obj                  20      0         0      
       _lock.c.obj                   2       0         16     
       wcslen.c.obj                  18      0         0      
       errno.c.obj                   8       0         8      
       copy_decompress_none.c.obj    14      0         0      
       pre_init.c.obj                4       0         0      
       div0.asm.obj                  2       0         0      
    +--+-----------------------------+-------+---------+---------+
       Total:                        10881   257       1888   
                                                              
       Heap:                         0       0         2048   
       Stack:                        0       0         1024   
       Linker Generated:             0       145       0      
    +--+-----------------------------+-------+---------+---------+
       Grand Total:                  15971   630       5016   


LINKER GENERATED COPY TABLES

__TI_cinit_table @ 000040e8 records: 2, size/record: 8, table size: 16
	.data: load addr=00004060, load size=0000006d bytes, run addr=20000400, run size=000001f0 bytes, compression=lzss
	.bss: load addr=000040e0, load size=00000008 bytes, run addr=200005f0, run size=000001dc bytes, compression=zero_init


LINKER GENERATED HANDLER TABLE

__TI_handler_table @ 000040d0 records: 3, size/record: 4, table size: 12
	index: 0, handler: __TI_decompress_lzss
	index: 1, handler: __TI_decompress_none
	index: 2, handler: __TI_zero_init


GLOBAL SYMBOLS: SORTED ALPHABETICALLY BY Name 

address   name                           
-------   ----                           
00003f35  ADC14_IRQHandler               
00003f35  AES256_IRQHandler              
00003f35  BusFault_Handler               
00003f55  C$$EXIT                        
00003c27  C$$IO$$                        
00003f35  COMP_E0_IRQHandler             
00003f35  COMP_E1_IRQHandler             
00003f35  CS_IRQHandler                  
00003f35  DMA_ERR_IRQHandler             
00003f35  DMA_INT0_IRQHandler            
00003f35  DMA_INT1_IRQHandler            
00003f35  DMA_INT2_IRQHandler            
00003f35  DMA_INT3_IRQHandler            
00003f35  DebugMon_Handler               
00003f35  Default_Handler                
00003f35  EUSCIA0_IRQHandler             
00003f35  EUSCIA1_IRQHandler             
00003f35  EUSCIA2_IRQHandler             
00003f35  EUSCIA3_IRQHandler             
000005fd  EUSCIB0_IRQHandler             
000005fd  EUSCIB0_IRQHandler             
00000775  EUSCIB1_IRQHandler             
00000775  EUSCIB1_IRQHandler             
000008f5  EUSCIB2_IRQHandler             
000008f5  EUSCIB2_IRQHandler             
00000a55  EUSCIB3_IRQHandler             
00000a55  EUSCIB3_IRQHandler             
00003f35  FLCTL_IRQHandler               
00003f35  FPU_IRQHandler                 
00003aa9  HOSTclose                      
000034b5  HOSTlseek                      
00003719  HOSTopen                       
000037d5  HOSTread                       
00003449  HOSTrename                     
00003aed  HOSTunlink                     
0000382d  HOSTwrite                      
00003f35  HardFault_Handler              
00003f35  MemManage_Handler              
00003f35  NMI_Handler                    
00003f35  PCM_IRQHandler                 
000020e1  PORT1_IRQHandler               
000020e1  PORT1_IRQHandler               
00003f35  PORT2_IRQHandler               
00003f35  PORT3_IRQHandler               
00003f35  PORT4_IRQHandler               
00003f35  PORT5_IRQHandler               
00003f35  PORT6_IRQHandler               
00003f35  PSS_IRQHandler                 
00003f35  PendSV_Handler                 
00003f35  RTC_C_IRQHandler               
00003f29  Reset_Handler                  
00003f35  SVC_Handler                    
00003f35  SysTick_Handler                
200005ec  SystemCoreClock                
000019e1  SystemCoreClockUpdate          
00001c59  SystemInit                     
00003f35  T32_INT1_IRQHandler            
00003f35  T32_INT2_IRQHandler            
00003f35  T32_INTC_IRQHandler            
00003f35  TA0_0_IRQHandler               
00003f35  TA0_N_IRQHandler               
00003f35  TA1_0_IRQHandler               
00003f35  TA1_N_IRQHandler               
00003f35  TA2_0_IRQHandler               
00003f35  TA2_N_IRQHandler               
00003f35  TA3_0_IRQHandler               
00003f35  TA3_N_IRQHandler               
00003f35  UsageFault_Handler             
4000480c  WDTCTL_SYM                     
00003f35  WDT_A_IRQHandler               
200005f0  __CIOBUF_                      
20010000  __STACK_END                    
00000200  __STACK_SIZE                   
00000400  __SYSMEM_SIZE                  
000040e8  __TI_CINIT_Base                
000040f8  __TI_CINIT_Limit               
000040d0  __TI_Handler_Table_Base        
000040dc  __TI_Handler_Table_Limit       
00003b31  __TI_auto_init_nobinit_nopinit 
00003c69  __TI_cleanup                   
200005c8  __TI_cleanup_ptr               
000032f5  __TI_closefile                 
0000351d  __TI_decompress_lzss           
00003f1b  __TI_decompress_none           
00003981  __TI_doflush                   
200005cc  __TI_dtors_ptr                 
200005d0  __TI_enable_exit_profile_output
200005b8  __TI_ft_end                    
000038db  __TI_ltoa                      
ffffffff  __TI_pprof_out_hndl            
00000c0d  __TI_printfi                   
ffffffff  __TI_prof_data_size            
ffffffff  __TI_prof_data_start           
00003c9d  __TI_readmsg                   
00000000  __TI_static_base__             
20000710  __TI_tmpnams                   
00003bf9  __TI_writemsg                  
000036b5  __TI_wrt_ok                    
00003e45  __TI_zero_init_nomemset        
000030f1  __aeabi_cdcmpeq                
000030f1  __aeabi_cdcmple                
00003177  __aeabi_cdrcmple               
00003a61  __aeabi_d2iz                   
00002353  __aeabi_dadd                   
0000263d  __aeabi_ddiv                   
00002bc5  __aeabi_dmul                   
00002349  __aeabi_dsub                   
00003f39  __aeabi_errno_addr             
00003d35  __aeabi_i2d                    
000024ff  __aeabi_idiv0                  
000024ff  __aeabi_ldiv0                  
00003279  __aeabi_memclr                 
00003279  __aeabi_memclr4                
00003279  __aeabi_memclr8                
00002f33  __aeabi_memcpy                 
00002f33  __aeabi_memcpy4                
00002f33  __aeabi_memcpy8                
0000327b  __aeabi_memset                 
0000327b  __aeabi_memset4                
0000327b  __aeabi_memset8                
200005c4  __aeabi_stderr                 
200005bc  __aeabi_stdin                  
200005c0  __aeabi_stdout                 
00002fcf  __aeabi_uldivmod               
ffffffff  __binit__                      
ffffffff  __c_args__                     
UNDEFED   __mpu_init                     
2000fe00  __stack                        
20000000  __start___llvm_prf_cnts        
20000000  __stop___llvm_prf_cnts         
00003e29  _abort_msg                     
00003cd1  _c_int00_noargs                
00003f58  _ctypes_                       
200004f0  _device                        
20000400  _ftable                        
200005d4  _lock                          
0000165b  _nop                           
20000568  _stream                        
20000000  _sys_memory                    
UNDEFED   _system_post_cinit             
00003f51  _system_pre_init               
200005d8  _unlock                        
00003f55  abort                          
00002abd  aligned_alloc                  
000039cd  atoi                           
ffffffff  binit                          
000001d5  bus_clear                      
00003779  close                          
0000165d  config_LIS3MDL                 
00003e99  copysign                       
00003e99  copysignl                      
200005e8  errno                          
00003a19  exit                           
000031fd  fflush                         
00003d05  finddevice                     
00003065  fputc                          
00002899  fputs                          
00002cc1  free                           
000035ed  frexp                          
000035ed  frexpl                         
00003651  fseek                          
00003b75  getdevice                      
00000319  i2c_open                       
0000014f  i2c_openChecker                
00000555  i2c_start                      
00000000  interruptVectors               
000029ad  ldexp                          
000029ad  ldexpl                         
00003db9  lseek                          
00001fb1  main                           
00003f41  malloc                         
00002abd  memalign                       
00003e7d  memccpy                        
00003e09  memchr                         
00002f33  memcpy                         
00003281  memset                         
200007c4  parmbuf                        
00003585  printf                         
00003065  putc                           
000017c3  read_magnetometer_x            
00001861  read_magnetometer_y            
00001919  read_magnetometer_z            
00003d65  remove                         
000029ad  scalbn                         
000029ad  scalbnl                        
00002da5  setvbuf                        
200005e4  state                          
00003ecb  strchr                         
00003eb3  strcmp                         
00003ee1  strcpy                         
00003ef5  strlen                         
00003c31  strncpy                        
00003d65  unlink                         
00003f09  wcslen                         
00003de1  write                          


GLOBAL SYMBOLS: SORTED BY Symbol Address 

address   name                           
-------   ----                           
00000000  __TI_static_base__             
00000000  interruptVectors               
0000014f  i2c_openChecker                
000001d5  bus_clear                      
00000200  __STACK_SIZE                   
00000319  i2c_open                       
00000400  __SYSMEM_SIZE                  
00000555  i2c_start                      
000005fd  EUSCIB0_IRQHandler             
000005fd  EUSCIB0_IRQHandler             
00000775  EUSCIB1_IRQHandler             
00000775  EUSCIB1_IRQHandler             
000008f5  EUSCIB2_IRQHandler             
000008f5  EUSCIB2_IRQHandler             
00000a55  EUSCIB3_IRQHandler             
00000a55  EUSCIB3_IRQHandler             
00000c0d  __TI_printfi                   
0000165b  _nop                           
0000165d  config_LIS3MDL                 
000017c3  read_magnetometer_x            
00001861  read_magnetometer_y            
00001919  read_magnetometer_z            
000019e1  SystemCoreClockUpdate          
00001c59  SystemInit                     
00001fb1  main                           
000020e1  PORT1_IRQHandler               
000020e1  PORT1_IRQHandler               
00002349  __aeabi_dsub                   
00002353  __aeabi_dadd                   
000024ff  __aeabi_idiv0                  
000024ff  __aeabi_ldiv0                  
0000263d  __aeabi_ddiv                   
00002899  fputs                          
000029ad  ldexp                          
000029ad  ldexpl                         
000029ad  scalbn                         
000029ad  scalbnl                        
00002abd  aligned_alloc                  
00002abd  memalign                       
00002bc5  __aeabi_dmul                   
00002cc1  free                           
00002da5  setvbuf                        
00002f33  __aeabi_memcpy                 
00002f33  __aeabi_memcpy4                
00002f33  __aeabi_memcpy8                
00002f33  memcpy                         
00002fcf  __aeabi_uldivmod               
00003065  fputc                          
00003065  putc                           
000030f1  __aeabi_cdcmpeq                
000030f1  __aeabi_cdcmple                
00003177  __aeabi_cdrcmple               
000031fd  fflush                         
00003279  __aeabi_memclr                 
00003279  __aeabi_memclr4                
00003279  __aeabi_memclr8                
0000327b  __aeabi_memset                 
0000327b  __aeabi_memset4                
0000327b  __aeabi_memset8                
00003281  memset                         
000032f5  __TI_closefile                 
00003449  HOSTrename                     
000034b5  HOSTlseek                      
0000351d  __TI_decompress_lzss           
00003585  printf                         
000035ed  frexp                          
000035ed  frexpl                         
00003651  fseek                          
000036b5  __TI_wrt_ok                    
00003719  HOSTopen                       
00003779  close                          
000037d5  HOSTread                       
0000382d  HOSTwrite                      
000038db  __TI_ltoa                      
00003981  __TI_doflush                   
000039cd  atoi                           
00003a19  exit                           
00003a61  __aeabi_d2iz                   
00003aa9  HOSTclose                      
00003aed  HOSTunlink                     
00003b31  __TI_auto_init_nobinit_nopinit 
00003b75  getdevice                      
00003bf9  __TI_writemsg                  
00003c27  C$$IO$$                        
00003c31  strncpy                        
00003c69  __TI_cleanup                   
00003c9d  __TI_readmsg                   
00003cd1  _c_int00_noargs                
00003d05  finddevice                     
00003d35  __aeabi_i2d                    
00003d65  remove                         
00003d65  unlink                         
00003db9  lseek                          
00003de1  write                          
00003e09  memchr                         
00003e29  _abort_msg                     
00003e45  __TI_zero_init_nomemset        
00003e7d  memccpy                        
00003e99  copysign                       
00003e99  copysignl                      
00003eb3  strcmp                         
00003ecb  strchr                         
00003ee1  strcpy                         
00003ef5  strlen                         
00003f09  wcslen                         
00003f1b  __TI_decompress_none           
00003f29  Reset_Handler                  
00003f35  ADC14_IRQHandler               
00003f35  AES256_IRQHandler              
00003f35  BusFault_Handler               
00003f35  COMP_E0_IRQHandler             
00003f35  COMP_E1_IRQHandler             
00003f35  CS_IRQHandler                  
00003f35  DMA_ERR_IRQHandler             
00003f35  DMA_INT0_IRQHandler            
00003f35  DMA_INT1_IRQHandler            
00003f35  DMA_INT2_IRQHandler            
00003f35  DMA_INT3_IRQHandler            
00003f35  DebugMon_Handler               
00003f35  Default_Handler                
00003f35  EUSCIA0_IRQHandler             
00003f35  EUSCIA1_IRQHandler             
00003f35  EUSCIA2_IRQHandler             
00003f35  EUSCIA3_IRQHandler             
00003f35  FLCTL_IRQHandler               
00003f35  FPU_IRQHandler                 
00003f35  HardFault_Handler              
00003f35  MemManage_Handler              
00003f35  NMI_Handler                    
00003f35  PCM_IRQHandler                 
00003f35  PORT2_IRQHandler               
00003f35  PORT3_IRQHandler               
00003f35  PORT4_IRQHandler               
00003f35  PORT5_IRQHandler               
00003f35  PORT6_IRQHandler               
00003f35  PSS_IRQHandler                 
00003f35  PendSV_Handler                 
00003f35  RTC_C_IRQHandler               
00003f35  SVC_Handler                    
00003f35  SysTick_Handler                
00003f35  T32_INT1_IRQHandler            
00003f35  T32_INT2_IRQHandler            
00003f35  T32_INTC_IRQHandler            
00003f35  TA0_0_IRQHandler               
00003f35  TA0_N_IRQHandler               
00003f35  TA1_0_IRQHandler               
00003f35  TA1_N_IRQHandler               
00003f35  TA2_0_IRQHandler               
00003f35  TA2_N_IRQHandler               
00003f35  TA3_0_IRQHandler               
00003f35  TA3_N_IRQHandler               
00003f35  UsageFault_Handler             
00003f35  WDT_A_IRQHandler               
00003f39  __aeabi_errno_addr             
00003f41  malloc                         
00003f51  _system_pre_init               
00003f55  C$$EXIT                        
00003f55  abort                          
00003f58  _ctypes_                       
000040d0  __TI_Handler_Table_Base        
000040dc  __TI_Handler_Table_Limit       
000040e8  __TI_CINIT_Base                
000040f8  __TI_CINIT_Limit               
20000000  __start___llvm_prf_cnts        
20000000  __stop___llvm_prf_cnts         
20000000  _sys_memory                    
20000400  _ftable                        
200004f0  _device                        
20000568  _stream                        
200005b8  __TI_ft_end                    
200005bc  __aeabi_stdin                  
200005c0  __aeabi_stdout                 
200005c4  __aeabi_stderr                 
200005c8  __TI_cleanup_ptr               
200005cc  __TI_dtors_ptr                 
200005d0  __TI_enable_exit_profile_output
200005d4  _lock                          
200005d8  _unlock                        
200005e4  state                          
200005e8  errno                          
200005ec  SystemCoreClock                
200005f0  __CIOBUF_                      
20000710  __TI_tmpnams                   
200007c4  parmbuf                        
2000fe00  __stack                        
20010000  __STACK_END                    
4000480c  WDTCTL_SYM                     
ffffffff  __TI_pprof_out_hndl            
ffffffff  __TI_prof_data_size            
ffffffff  __TI_prof_data_start           
ffffffff  __binit__                      
ffffffff  __c_args__                     
ffffffff  binit                          
UNDEFED   __mpu_init                     
UNDEFED   _system_post_cinit             

[195 symbols]
