******************************************************************************
                  TI ARM Linker PC v20.2.2                     
******************************************************************************
>> Linked Sat Dec  5 23:14:37 2020

OUTPUT FILE NAME:   <adc14_single_conversion_repeat_MSP_EXP432P401R_nortos_ccs.out>
ENTRY POINT SYMBOL: "_c_int00_noargs"  address: 000007e9


MEMORY CONFIGURATION

         name            origin    length      used     unused   attr    fill
----------------------  --------  ---------  --------  --------  ----  --------
  MAIN                  00000000   00040000  00000938  0003f6c8  R  X
  INFO                  00200000   00004000  00000000  00004000  R  X
  SRAM_CODE             01000000   00010000  00000208  0000fdf8  RW X
  SRAM_DATA             20000000   00010000  00000208  0000fdf8  RW  


SEGMENT ALLOCATION MAP

run origin  load origin   length   init length attrs members
----------  ----------- ---------- ----------- ----- -------
00000000    00000000    0000093c   0000093c    r-x
  00000000    00000000    000000e4   000000e4    r-- .intvecs
  000000e4    000000e4    000007c0   000007c0    r-x .text
  000008a4    000008a4    00000080   00000080    r-- .const
  00000928    00000928    00000014   00000014    r-- .cinit
20000000    20000000    00000008   00000000    rw-
  20000000    20000000    00000008   00000000    rw- .bss
2000fe00    2000fe00    00000200   00000000    rw-
  2000fe00    2000fe00    00000200   00000000    rw- .stack


SECTION ALLOCATION MAP

 output                                  attributes/
section   page    origin      length       input sections
--------  ----  ----------  ----------   ----------------
.intvecs   0    00000000    000000e4     
                  00000000    000000e4     startup_msp432p401r_ccs.obj (.intvecs:retain)

.text      0    000000e4    000007c0     
                  000000e4    00000160     msp432p4xx_driverlib.lib : adc14.o (.text:_getIndexForMemRegister)
                  00000244    00000136     rtsv7M4_T_le_v4SPD16_eabi.lib : fd_div_t2.asm.obj (.text)
                  0000037a    00000002     startup_msp432p401r_ccs.obj (.text:Default_Handler)
                  0000037c    0000010c     adc14_single_conversion_repeat.obj (.text:main)
                  00000488    000000fc     rtsv7M4_T_le_v4SPD16_eabi.lib : fd_mul_t2.asm.obj (.text)
                  00000584    000000b4     msp432p4xx_driverlib.lib : adc14.o (.text:ADC14_configureConversionMemory)
                  00000638    00000084     adc14_single_conversion_repeat.obj (.text:ADC14_IRQHandler)
                  000006bc    00000078     system_msp432p401r.obj (.text:SystemInit)
                  00000734    0000006e     rtsv7M4_T_le_v4SPD16_eabi.lib : fd_tos_t2.asm.obj (.text)
                  000007a2    00000002     --HOLE-- [fill = 0]
                  000007a4    00000044                                   : autoinit.c.obj (.text:__TI_auto_init_nobinit_nopinit:__TI_auto_init_nobinit_nopinit)
                  000007e8    00000034                                   : boot_cortex_m.c.obj (.text:_c_int00_noargs:_c_int00_noargs)
                  0000081c    00000028     msp432p4xx_driverlib.lib : adc14.o (.text:ADC14_getResult)
                  00000844    00000020     rtsv7M4_T_le_v4SPD16_eabi.lib : u_tofd_t2.asm.obj (.text)
                  00000864    0000001c                                   : copy_zero_init.c.obj (.text:decompress:ZI:__TI_zero_init_nomemset:__TI_zero_init_nomemset)
                  00000880    00000010     msp432p4xx_driverlib.lib : adc14.o (.text:ADCIsConversionRunning)
                  00000890    0000000c     startup_msp432p401r_ccs.obj (.text:Reset_Handler)
                  0000089c    00000004     rtsv7M4_T_le_v4SPD16_eabi.lib : pre_init.c.obj (.text:_system_pre_init)
                  000008a0    00000004                                   : exit.c.obj (.text:abort:abort)

.const     0    000008a4    00000080     
                  000008a4    00000080     msp432p4xx_driverlib.lib : adc14.o (.const:_ctlRegs)

.cinit     0    00000928    00000014     
                  00000928    00000008     (.cinit..bss.load) [load image, compression = zero_init]
                  00000930    00000004     (__TI_handler_table)
                  00000934    00000008     (__TI_cinit_table)

.init_array 
*          0    00000000    00000000     UNINITIALIZED

.binit     0    00000000    00000000     

.bss       0    20000000    00000008     UNINITIALIZED
                  20000000    00000008     adc14_single_conversion_repeat.obj (.bss)

.stack     0    2000fe00    00000200     UNINITIALIZED
                  2000fe00    00000004     rtsv7M4_T_le_v4SPD16_eabi.lib : boot_cortex_m.c.obj (.stack)
                  2000fe04    000001fc     --HOLE--

__llvm_prf_cnts 
*          0    20000000    00000000     UNINITIALIZED

MODULE SUMMARY

       Module                               code   ro data   rw data
       ------                               ----   -------   -------
    .\
       adc14_single_conversion_repeat.obj   400    0         16     
       system_msp432p401r.obj               120    0         0      
    +--+------------------------------------+------+---------+---------+
       Total:                               520    0         16     
                                                                    
    .\ccs\
       startup_msp432p401r_ccs.obj          14     228       0      
    +--+------------------------------------+------+---------+---------+
       Total:                               14     228       0      
                                                                    
    C:/ti/simplelink_msp432p4_sdk_3_40_01_02/source/ti/devices/msp432p4xx/driverlib/ccs/msp432p4xx_driverlib.lib
       adc14.o                              588    128       0      
    +--+------------------------------------+------+---------+---------+
       Total:                               588    128       0      
                                                                    
    C:\ti\ccs1010\ccs\tools\compiler\ti-cgt-arm_20.2.2.LTS\lib\rtsv7M4_T_le_v4SPD16_eabi.lib
       fd_div_t2.asm.obj                    310    0         0      
       fd_mul_t2.asm.obj                    252    0         0      
       fd_tos_t2.asm.obj                    110    0         0      
       autoinit.c.obj                       68     0         0      
       boot_cortex_m.c.obj                  52     0         0      
       u_tofd_t2.asm.obj                    32     0         0      
       copy_zero_init.c.obj                 28     0         0      
       exit.c.obj                           4      0         0      
       pre_init.c.obj                       4      0         0      
    +--+------------------------------------+------+---------+---------+
       Total:                               860    0         0      
                                                                    
       Stack:                               0      0         1024   
       Linker Generated:                    0      20        0      
    +--+------------------------------------+------+---------+---------+
       Grand Total:                         1982   376       1040   


LINKER GENERATED COPY TABLES

__TI_cinit_table @ 00000934 records: 1, size/record: 8, table size: 8
	.bss: load addr=00000928, load size=00000008 bytes, run addr=20000000, run size=00000008 bytes, compression=zero_init


LINKER GENERATED HANDLER TABLE

__TI_handler_table @ 00000930 records: 1, size/record: 4, table size: 4
	index: 0, handler: __TI_zero_init


GLOBAL SYMBOLS: SORTED ALPHABETICALLY BY Name 

address   name                           
-------   ----                           
00000639  ADC14_IRQHandler               
00000639  ADC14_IRQHandler               
00000585  ADC14_configureConversionMemory
0000081d  ADC14_getResult                
0000037b  AES256_IRQHandler              
0000037b  BusFault_Handler               
000008a1  C$$EXIT                        
0000037b  COMP_E0_IRQHandler             
0000037b  COMP_E1_IRQHandler             
0000037b  CS_IRQHandler                  
0000037b  DMA_ERR_IRQHandler             
0000037b  DMA_INT0_IRQHandler            
0000037b  DMA_INT1_IRQHandler            
0000037b  DMA_INT2_IRQHandler            
0000037b  DMA_INT3_IRQHandler            
0000037b  DebugMon_Handler               
0000037b  Default_Handler                
0000037b  EUSCIA0_IRQHandler             
0000037b  EUSCIA1_IRQHandler             
0000037b  EUSCIA2_IRQHandler             
0000037b  EUSCIA3_IRQHandler             
0000037b  EUSCIB0_IRQHandler             
0000037b  EUSCIB1_IRQHandler             
0000037b  EUSCIB2_IRQHandler             
0000037b  EUSCIB3_IRQHandler             
0000037b  FLCTL_IRQHandler               
0000037b  FPU_IRQHandler                 
0000037b  HardFault_Handler              
0000037b  MemManage_Handler              
0000037b  NMI_Handler                    
0000037b  PCM_IRQHandler                 
0000037b  PORT1_IRQHandler               
0000037b  PORT2_IRQHandler               
0000037b  PORT3_IRQHandler               
0000037b  PORT4_IRQHandler               
0000037b  PORT5_IRQHandler               
0000037b  PORT6_IRQHandler               
0000037b  PSS_IRQHandler                 
0000037b  PendSV_Handler                 
0000037b  RTC_C_IRQHandler               
00000891  Reset_Handler                  
0000037b  SVC_Handler                    
0000037b  SysTick_Handler                
000006bd  SystemInit                     
0000037b  T32_INT1_IRQHandler            
0000037b  T32_INT2_IRQHandler            
0000037b  T32_INTC_IRQHandler            
0000037b  TA0_0_IRQHandler               
0000037b  TA0_N_IRQHandler               
0000037b  TA1_0_IRQHandler               
0000037b  TA1_N_IRQHandler               
0000037b  TA2_0_IRQHandler               
0000037b  TA2_N_IRQHandler               
0000037b  TA3_0_IRQHandler               
0000037b  TA3_N_IRQHandler               
0000037b  UsageFault_Handler             
4000480c  WDTCTL_SYM                     
0000037b  WDT_A_IRQHandler               
20010000  __STACK_END                    
00000200  __STACK_SIZE                   
00000934  __TI_CINIT_Base                
0000093c  __TI_CINIT_Limit               
00000930  __TI_Handler_Table_Base        
00000934  __TI_Handler_Table_Limit       
000007a5  __TI_auto_init_nobinit_nopinit 
ffffffff  __TI_pprof_out_hndl            
ffffffff  __TI_prof_data_size            
ffffffff  __TI_prof_data_start           
00000000  __TI_static_base__             
00000865  __TI_zero_init_nomemset        
00000735  __aeabi_d2f                    
00000245  __aeabi_ddiv                   
00000489  __aeabi_dmul                   
00000845  __aeabi_ui2d                   
ffffffff  __binit__                      
ffffffff  __c_args__                     
UNDEFED   __mpu_init                     
2000fe00  __stack                        
20000000  __start___llvm_prf_cnts        
20000000  __stop___llvm_prf_cnts         
000007e9  _c_int00_noargs                
UNDEFED   _system_post_cinit             
0000089d  _system_pre_init               
000008a1  abort                          
ffffffff  binit                          
00000000  interruptVectors               
0000037d  main                           


GLOBAL SYMBOLS: SORTED BY Symbol Address 

address   name                           
-------   ----                           
00000000  __TI_static_base__             
00000000  interruptVectors               
00000200  __STACK_SIZE                   
00000245  __aeabi_ddiv                   
0000037b  AES256_IRQHandler              
0000037b  BusFault_Handler               
0000037b  COMP_E0_IRQHandler             
0000037b  COMP_E1_IRQHandler             
0000037b  CS_IRQHandler                  
0000037b  DMA_ERR_IRQHandler             
0000037b  DMA_INT0_IRQHandler            
0000037b  DMA_INT1_IRQHandler            
0000037b  DMA_INT2_IRQHandler            
0000037b  DMA_INT3_IRQHandler            
0000037b  DebugMon_Handler               
0000037b  Default_Handler                
0000037b  EUSCIA0_IRQHandler             
0000037b  EUSCIA1_IRQHandler             
0000037b  EUSCIA2_IRQHandler             
0000037b  EUSCIA3_IRQHandler             
0000037b  EUSCIB0_IRQHandler             
0000037b  EUSCIB1_IRQHandler             
0000037b  EUSCIB2_IRQHandler             
0000037b  EUSCIB3_IRQHandler             
0000037b  FLCTL_IRQHandler               
0000037b  FPU_IRQHandler                 
0000037b  HardFault_Handler              
0000037b  MemManage_Handler              
0000037b  NMI_Handler                    
0000037b  PCM_IRQHandler                 
0000037b  PORT1_IRQHandler               
0000037b  PORT2_IRQHandler               
0000037b  PORT3_IRQHandler               
0000037b  PORT4_IRQHandler               
0000037b  PORT5_IRQHandler               
0000037b  PORT6_IRQHandler               
0000037b  PSS_IRQHandler                 
0000037b  PendSV_Handler                 
0000037b  RTC_C_IRQHandler               
0000037b  SVC_Handler                    
0000037b  SysTick_Handler                
0000037b  T32_INT1_IRQHandler            
0000037b  T32_INT2_IRQHandler            
0000037b  T32_INTC_IRQHandler            
0000037b  TA0_0_IRQHandler               
0000037b  TA0_N_IRQHandler               
0000037b  TA1_0_IRQHandler               
0000037b  TA1_N_IRQHandler               
0000037b  TA2_0_IRQHandler               
0000037b  TA2_N_IRQHandler               
0000037b  TA3_0_IRQHandler               
0000037b  TA3_N_IRQHandler               
0000037b  UsageFault_Handler             
0000037b  WDT_A_IRQHandler               
0000037d  main                           
00000489  __aeabi_dmul                   
00000585  ADC14_configureConversionMemory
00000639  ADC14_IRQHandler               
00000639  ADC14_IRQHandler               
000006bd  SystemInit                     
00000735  __aeabi_d2f                    
000007a5  __TI_auto_init_nobinit_nopinit 
000007e9  _c_int00_noargs                
0000081d  ADC14_getResult                
00000845  __aeabi_ui2d                   
00000865  __TI_zero_init_nomemset        
00000891  Reset_Handler                  
0000089d  _system_pre_init               
000008a1  C$$EXIT                        
000008a1  abort                          
00000930  __TI_Handler_Table_Base        
00000934  __TI_CINIT_Base                
00000934  __TI_Handler_Table_Limit       
0000093c  __TI_CINIT_Limit               
20000000  __start___llvm_prf_cnts        
20000000  __stop___llvm_prf_cnts         
2000fe00  __stack                        
20010000  __STACK_END                    
4000480c  WDTCTL_SYM                     
ffffffff  __TI_pprof_out_hndl            
ffffffff  __TI_prof_data_size            
ffffffff  __TI_prof_data_start           
ffffffff  __binit__                      
ffffffff  __c_args__                     
ffffffff  binit                          
UNDEFED   __mpu_init                     
UNDEFED   _system_post_cinit             

[87 symbols]
